../Core/Inc/arm_math.h:5745:30:arm_sqrt_f32	16	static
../Core/Src/FOC.c:11:7:normalizeAngle	24	static
../Core/Src/FOC.c:16:7:normalizeAnglePI	24	static
../Core/Src/FOC.c:28:7:saturate	24	static
../Core/Src/FOC.c:43:19:f32_to_q31	24	static
../Core/Src/FOC.c:52:6:sendByUart	16	static
../Core/Src/FOC.c:66:6:getByUart	16	static
../Core/Src/FOC.c:77:6:changeEn	16	static
../Core/Src/FOC.c:88:6:stopRun	16	static
../Core/Src/FOC.c:97:6:changeSpeed	16	static
../Core/Src/FOC.c:109:6:changeAngle	16	static
../Core/Src/FOC.c:117:7:cordic_q31_sinf	32	static
../Core/Src/FOC.c:131:20:cordic_q31_cos_sinf	32	static
../Core/Src/FOC.c:145:20:cordic_q31_atanf	48	static
../Core/Src/FOC.c:167:10:getSector	16	static
../Core/Src/FOC.c:172:8:getPeriodsABC	32	static
../Core/Src/FOC.c:212:8:getPeriods	64	static
../Core/Src/FOC.c:230:6:processEncoderData	16	static
../Core/Src/FOC.c:252:10:checkParity	32	static
../Core/Src/FOC.c:267:6:updateEncData	32	static
../Core/Src/FOC.c:280:6:seriesCompensator	40	static
../Core/Src/FOC.c:291:6:angleImpedanceController	56	static
../Core/Src/FOC.c:305:6:angleController	48	static
../Core/Src/FOC.c:320:7:observer	24	static
../Core/Src/FOC.c:330:6:countSpeed	16	static
../Core/Src/FOC.c:344:6:speedController	24	static
../Core/Src/FOC.c:354:7:med	24	static
../Core/Src/FOC.c:384:7:fast_med	40	static
../Core/Src/FOC.c:433:7:cur_filter	32	static
../Core/Src/FOC.c:448:6:getCurrents	16	static
../Core/Src/FOC.c:456:6:countCurrents	24	static
../Core/Src/FOC.c:465:6:currentController	48	static
../Core/Src/FOC.c:485:6:limitingCurrentController	40	static
../Core/Src/FOC.c:506:6:invCoordsTransform	24	static
../Core/Src/FOC.c:513:6:setPeriods	24	static
../Core/Src/FOC.c:523:6:InitEncoder	16	static
../Core/Src/FOC.c:532:6:InitCordic	16	static
../Core/Src/FOC.c:537:6:InitFilter	24	static
../Core/Src/FOC.c:549:6:InitObserver	16	static
../Core/Src/FOC.c:560:22:DWT_Init	4	static
../Core/Src/FOC.c:565:6:InitMotor	16	static
../Core/Src/FOC.c:597:6:mainLoop	16	static
